<!DOCTYPE html>
<html>

<body>
	<div class="substitute-blah" merged-empty-attribute="" merged-nonempty-attribute="a value">
	
</div>

</body>

</html>
