<!DOCTYPE html>
<html>

<body>
	<link rel="stylesheet" type="text/css" href="/tmp/build-block/index.css" />
</body>

</html>
